// Jest Snapshot v1, https://goo.gl/fbAQLP

exports[`Probando <GifGrid /> Debe mostrarse correctamente 1`] = `
<Fragment>
  <h3
    className="animate__animated animate__fadeIn"
  >
    Goku
  </h3>
  <div
    className="card-grid"
  />
</Fragment>
`;
